// Jest Snapshot v1, https://goo.gl/fbAQLP

exports[`History::toJSON serializes the tree of actions 1`] = `
Object {
  "head": "action12",
  "root": "action10",
  "size": 2,
  "tree": Object {
    "children": Array [
      Object {
        "children": Array [],
        "disabled": false,
        "id": "action12",
        "next": null,
        "payload": true,
        "revisions": Array [
          Object {
            "payload": true,
            "status": "resolve",
            "timestamp": 1499687103553,
          },
        ],
        "status": "resolve",
        "type": "action.3",
      },
    ],
    "disabled": false,
    "id": "action10",
    "next": "action12",
    "payload": undefined,
    "revisions": Array [
      Object {
        "payload": undefined,
        "status": "resolve",
        "timestamp": 1499687103553,
      },
    ],
    "status": "resolve",
    "type": "$start.1",
  },
}
`;
