// Jest Snapshot v1, https://goo.gl/fbAQLP

exports[`History::toJSON serializes the tree of actions 1`] = `
Object {
  "head": 12,
  "root": 10,
  "size": 2,
  "tree": Object {
    "children": Array [
      Object {
        "children": Array [],
        "id": 12,
        "payload": true,
        "status": "resolve",
        "type": "action.5",
      },
    ],
    "id": 10,
    "payload": undefined,
    "status": "resolve",
    "type": "$start.3",
  },
}
`;
